// Jest Snapshot v1, https://goo.gl/fbAQLP

exports[`<HomePage /> renders correctly 1`] = `
<div
  className="header"
>
  <h1>
    404: Page not found
  </h1>
</div>
`;
